SAMPLE,0,18011637,1002,1,0.1246703639626503
SAMPLE,1,17998801,1003,1,0.1246703639626503
SAMPLE,2,18307064,1004,1,0.1246703639626503
SAMPLE,3,18006269,1005,1,0.1246703639626503
SAMPLE,4,18310602,1006,1,0.1246703639626503
SAMPLE,5,18004014,1007,1,0.1246703639626503
SAMPLE,6,18327764,1008,1,0.1246703639626503
SAMPLE,7,18028596,1009,1,0.1246703639626503
SAMPLE,8,18314109,1010,1,0.1246703639626503
SAMPLE,9,17994269,1011,1,0.1246703639626503
SAMPLE,10,18012525,1012,1,0.1246703639626503
SAMPLE,11,18341739,1013,1,0.1246703639626503
SAMPLE,12,17995254,1014,1,0.1246703639626503
SAMPLE,13,18383578,1015,1,0.1246703639626503
SAMPLE,14,18005450,1016,1,0.1246703639626503
SAMPLE,15,18305626,1017,1,0.1246703639626503
SAMPLE,16,17954954,1018,1,0.1246703639626503
SAMPLE,17,17815266,1019,1,0.1246703639626503
SAMPLE,18,17459360,1020,1,0.1246703639626503
SAMPLE,19,17735614,1021,1,0.1246703639626503
SUMMARY,292318201,1272020,1875852,1877128,1875688,864813056,957087744,957087744,957087744,2.493407279253006,140,0,20,0,20,0,20,0,0,0
Collecting data...
Generating '/tmp/nsys-report-07ff.qdstrm'
[1/1] [0%                          ] diffusiondrive_full.nsys-rep[1/1] [0%                          ] diffusiondrive_full.nsys-rep[1/1] [===23%                      ] diffusiondrive_full.nsys-rep[1/1] [==========48%               ] diffusiondrive_full.nsys-rep[1/1] [=================72%        ] diffusiondrive_full.nsys-rep[1/1] [========================100%] diffusiondrive_full.nsys-rep[1/1] [========================100%] diffusiondrive_full.nsys-rep
Generated:
    /tmp/vlaforge-nsight-v2/diffusiondrive_full.nsys-rep
