==PROF== Connected to process 2352252 (/tmp/vlaforge-bench-formal-v2/diffusiondrive/bin/vlaforge_generated_benchmark)
==PROF== Profiling "triton_poi_fused__native_batc..." - 0 (1/20): 0%....50%....100% - 8 passes
==PROF== Profiling "triton_poi_fused__native_batc..." - 1 (2/20): 0%....50%....100% - 8 passes
==PROF== Profiling "convertTensor_kernel" - 2 (3/20): 0%....50%....100% - 8 passes
==PROF== Profiling "convertTensor_kernel" - 3 (4/20): 0%....50%....100% - 8 passes
==PROF== Profiling "sm86_xmma_fprop_implicit_gemm..." - 4 (5/20): 0%....50%....100% - 8 passes
==PROF== Profiling "triton_poi_fused__native_batc..." - 5 (6/20): 0%....50%....100% - 8 passes
==PROF== Profiling "triton_poi_fused__native_batc..." - 6 (7/20): 0%....50%....100% - 8 passes
==PROF== Profiling "convertTensor_kernel" - 7 (8/20): 0%....50%....100% - 8 passes
==PROF== Profiling "convertTensor_kernel" - 8 (9/20): 0%....50%....100% - 8 passes
==PROF== Profiling "sm86_xmma_fprop_implicit_gemm..." - 9 (10/20): 0%....50%....100% - 8 passes
==PROF== Profiling "triton_poi_fused__native_batc..." - 10 (11/20): 0%....50%....100% - 8 passes
==PROF== Profiling "triton_poi_fused__native_batc..." - 11 (12/20): 0%....50%....100% - 8 passes
==PROF== Profiling "convertTensor_kernel" - 12 (13/20): 0%....50%....100% - 8 passes
==PROF== Profiling "convertTensor_kernel" - 13 (14/20): 0%....50%....100% - 8 passes
==PROF== Profiling "sm86_xmma_fprop_implicit_gemm..." - 14 (15/20): 0%....50%....100% - 8 passes
==PROF== Profiling "triton_poi_fused__native_batc..." - 15 (16/20): 0%....50%....100% - 8 passes
==PROF== Profiling "triton_poi_fused__native_batc..." - 16 (17/20): 0%....50%....100% - 8 passes
==PROF== Profiling "convertTensor_kernel" - 17 (18/20): 0%....50%....100% - 8 passes
==PROF== Profiling "convertTensor_kernel" - 18 (19/20): 0%....50%....100% - 8 passes
==PROF== Profiling "sm86_xmma_fprop_implicit_gemm..." - 19 (20/20): 0%....50%....100% - 8 passes
SAMPLE,0,19871233,1001,1,0.1246703639626503
SUMMARY,290989654,1453364,2794396,2794428,2792860,860618752,1085014016,1085014016,1085014016,0.1246703639626503,7,0,1,0,1,0,1,0,0,0
==PROF== Disconnected from process 2352252
==PROF== Report: /tmp/vlaforge-nsight-v2/diffusiondrive_basic.ncu-rep
