SAMPLE,0,49509809,1002,1,-0.24028226733207703
SAMPLE,1,49496023,1003,1,-0.24028226733207703
SAMPLE,2,49538653,1004,1,-0.24028226733207703
SAMPLE,3,48821511,1005,1,-0.24028226733207703
SAMPLE,4,48267536,1006,1,-0.24028226733207703
SAMPLE,5,47931080,1007,1,-0.24028226733207703
SAMPLE,6,47905649,1008,1,-0.24028226733207703
SAMPLE,7,47579667,1009,1,-0.24028226733207703
SAMPLE,8,47280832,1010,1,-0.24028226733207703
SAMPLE,9,47328257,1011,1,-0.24028226733207703
SAMPLE,10,46791596,1012,1,-0.24028226733207703
SAMPLE,11,46769614,1013,1,-0.24028226733207703
SAMPLE,12,46661587,1014,1,-0.24028226733207703
SAMPLE,13,46265359,1015,1,-0.24028226733207703
SAMPLE,14,46669080,1016,1,-0.24028226733207703
SAMPLE,15,46298818,1017,1,-0.24028226733207703
SAMPLE,16,46665540,1018,1,-0.24028226733207703
SAMPLE,17,46306070,1019,1,-0.24028226733207703
SAMPLE,18,47060926,1020,1,-0.24028226733207703
SAMPLE,19,47079798,1021,1,-0.24028226733207703
SUMMARY,892538899,1826396,2305284,2342076,2341796,1426849792,1510735872,1510735872,1510735872,-4.8056453466415405,520,0,20,40,20,0,20,20,1,1
Collecting data...
Generating '/tmp/nsys-report-786b.qdstrm'
[1/1] [0%                          ] smolvla_full.nsys-rep[1/1] [0%                          ] smolvla_full.nsys-rep[1/1] [0%                          ] smolvla_full.nsys-rep[1/1] [0%                          ] smolvla_full.nsys-rep[1/1] [9%                          ] smolvla_full.nsys-rep[1/1] [=15%                        ] smolvla_full.nsys-rep[1/1] [==21%                       ] smolvla_full.nsys-rep[1/1] [====27%                     ] smolvla_full.nsys-rep[1/1] [=====32%                    ] smolvla_full.nsys-rep[1/1] [=======38%                  ] smolvla_full.nsys-rep[1/1] [=========44%                ] smolvla_full.nsys-rep[1/1] [===========50%              ] smolvla_full.nsys-rep[1/1] [============56%             ] smolvla_full.nsys-rep[1/1] [==============62%           ] smolvla_full.nsys-rep[1/1] [================68%         ] smolvla_full.nsys-rep[1/1] [=================74%        ] smolvla_full.nsys-rep[1/1] [========================100%] smolvla_full.nsys-rep[1/1] [========================100%] smolvla_full.nsys-rep
Generated:
    /tmp/vlaforge-nsight-v2/smolvla_full.nsys-rep
